// Jest Snapshot v1, https://goo.gl/fbAQLP

exports[`Footer renders a snapshot properly 1`] = `
<section
  className="section "
>
  <div
    className="container"
  >
    <div
      className="columns"
    >
      <div
        className="column"
      >
        <img
          alt="logol-img"
          className="company_logo_left is-hidden-mobile"
          src="logo_transl.gif"
        />
      </div>
      <div
        className="column is-four-fifths"
      >
        <center>
          <p>
            <span
              className="company_font_side"
            >
              Copyright EDV-Beratung Dr-Setz 1998-2019
            </span>
             
          </p>
        </center>
      </div>
      <div
        className="column"
      >
        <img
          alt="logor-img"
          className="company_logo_right is-hidden-mobile"
          src="logo_transr.gif"
        />
      </div>
    </div>
  </div>
</section>
`;
